
> reigncraft@0.0.0 type-check
> tsc --build

src/client/world/building/repositories/fetchingWorldBuildingPlotOwnerDisplayLabelsByUserIds.ts(44,25): error TS2488: Type '{}' must have a '[Symbol.iterator]()' method that returns an iterator.
src/client/world/building/repositories/fetchingWorldBuildingPlotsRegistry.ts(31,6): error TS2339: Property 'limit' does not exist on type 'SupabaseQueryBuilder'.
src/client/world/building/repositories/persistingWorldBuildingPlacedBlock.ts(81,45): error TS2345: Argument of type '{}' is not assignable to parameter of type 'ParsingWorldBuildingPlacedBlockRow'.
  Type '{}' is missing the following properties from type 'ParsingWorldBuildingPlacedBlockRow': id, plot_id, definition_id, tile_x, and 4 more.
src/client/world/building/repositories/persistingWorldBuildingPlacedBlock.ts(197,15): error TS2339: Property 'id' does not exist on type '{}'.
src/client/world/building/repositories/persistingWorldBuildingPlacedBlock.ts(277,15): error TS2339: Property 'id' does not exist on type '{}'.
src/client/world/building/repositories/purgingExpiredWorldTemporaryPlots.ts(20,27): error TS2339: Property 'message' does not exist on type 'never'.
src/client/world/building/repositories/schedulingWorldTemporaryPlotExpiryOnLogout.ts(20,27): error TS2339: Property 'message' does not exist on type 'never'.
src/client/world/components/renderingWorldPlazaOnlineSignInGate.tsx(3,18): error TS2307: Cannot find module 'next/link' or its corresponding type declarations.
src/client/world/components/renderingWorldPlazaPageContent.tsx(19,21): error TS2307: Cannot find module 'next/dynamic' or its corresponding type declarations.
src/client/world/components/renderingWorldPlazaPageContent.tsx(20,33): error TS2307: Cannot find module 'next/navigation' or its corresponding type declarations.
src/client/world/components/renderingWorldPlazaPixiScene.tsx(982,5): error TS2353: Object literal may only specify known properties, and 'currentUserId' does not exist in type '{ enabled?: boolean | undefined; }'.
src/client/world/components/renderingWorldPlazaPlayerProfilePopoverCard.tsx(60,11): error TS2339: Property 'data' does not exist on type '{ isEnabled: boolean; }'.
src/client/world/components/renderingWorldPlazaPlayerProfilePopoverCard.tsx(68,64): error TS2554: Expected 1 arguments, but got 3.
src/client/world/components/renderingWorldPlazaPlayerProfilePopoverCard.tsx(105,32): error TS2339: Property 'aboutMe' does not exist on type 'CommunityMemberProfile'.
src/client/world/components/renderingWorldPlazaPlayerProfilePopoverCard.tsx(106,32): error TS2339: Property 'subtitle' does not exist on type 'CommunityMemberProfile'.
src/client/world/components/renderingWorldPlazaPlayerProfilePopoverCard.tsx(107,25): error TS2339: Property 'tags' does not exist on type 'CommunityMemberProfile'.
src/client/world/components/renderingWorldPlazaPlayerProfilePopoverCard.tsx(108,33): error TS2339: Property 'avatarUrl' does not exist on type '{ displayName: string; }'.
src/client/world/components/renderingWorldPlazaPlayerProfilePopoverCard.tsx(110,34): error TS2339: Property 'coverUrl' does not exist on type '{ displayName: string; }'.
src/client/world/components/renderingWorldPlazaPlayerProfilePopoverCard.tsx(111,42): error TS2339: Property 'interactionBlocks' does not exist on type '{ displayName: string; }'.
src/client/world/components/renderingWorldPlazaPlayerProfilePopoverCard.tsx(112,32): error TS2339: Property 'primaryLink' does not exist on type '{ displayName: string; }'.
src/client/world/components/renderingWorldPlazaPlayerProfilePopoverCard.tsx(113,38): error TS2339: Property 'specialLink' does not exist on type '{ displayName: string; }'.
src/client/world/components/renderingWorldPlazaPlayerProfilePopoverCard.tsx(114,38): error TS2339: Property 'specialLinkIcon' does not exist on type '{ displayName: string; }'.
src/client/world/components/renderingWorldPlazaPlayerProfilePopoverCard.tsx(115,41): error TS2339: Property 'donationsTooltipText' does not exist on type 'CommunityMemberProfile'.
src/client/world/components/renderingWorldPlazaPlayerProfilePopoverCard.tsx(116,29): error TS2339: Property 'primaryLinkIcon' does not exist on type '{ displayName: string; }'.
src/client/world/components/renderingWorldPlazaPlayerProfilePopoverCard.tsx(117,34): error TS2339: Property 'coverOffsetX' does not exist on type 'CommunityMemberProfile'.
src/client/world/components/renderingWorldPlazaPlayerProfilePopoverCard.tsx(118,34): error TS2339: Property 'coverOffsetY' does not exist on type 'CommunityMemberProfile'.
src/client/world/components/renderingWorldPlazaPlayerProfilePopoverCard.tsx(119,34): error TS2339: Property 'avatarOffsetX' does not exist on type 'CommunityMemberProfile'.
src/client/world/components/renderingWorldPlazaPlayerProfilePopoverCard.tsx(120,34): error TS2339: Property 'avatarOffsetY' does not exist on type 'CommunityMemberProfile'.
src/client/world/components/renderingWorldPlazaPlayerProfilePopoverCard.tsx(121,31): error TS2339: Property 'coverZoom' does not exist on type 'CommunityMemberProfile'.
src/client/world/components/renderingWorldPlazaPlayerProfilePopoverCard.tsx(122,31): error TS2339: Property 'avatarZoom' does not exist on type 'CommunityMemberProfile'.
src/client/world/components/renderingWorldPlazaPlayerProfilePopoverCard.tsx(123,32): error TS2339: Property 'viewedCount' does not exist on type 'CommunityMemberProfile'.
src/client/world/components/renderingWorldPlazaPlayerProfilePopoverCard.tsx(124,31): error TS2339: Property 'likedCount' does not exist on type 'CommunityMemberProfile'.
src/client/world/components/renderingWorldPlazaPlayerProfilePopoverCard.tsx(125,34): error TS2339: Property 'followedCount' does not exist on type 'CommunityMemberProfile'.
src/client/world/components/renderingWorldPlazaPlayerProfilePopoverCard.tsx(127,48): error TS2339: Property 'presenceIndicatorConfig' does not exist on type '{ displayName: string; }'.
src/client/world/components/renderingWorldPlazaPlayerProfilePopoverCard.tsx(128,39): error TS2339: Property 'statusKind' does not exist on type '{ displayName: string; }'.
src/client/world/components/renderingWorldPlazaPlayerProfilePopoverCard.tsx(129,68): error TS2345: Argument of type 'string | null' is not assignable to parameter of type 'string'.
  Type 'null' is not assignable to type 'string'.
src/client/world/components/renderingWorldPlazaRoomStatusHudFriendButton.tsx(45,5): error TS2339: Property 'isFriendByViewer' does not exist on type '{ friendActionKind: "none"; isLoading: boolean; performingFriendAction: () => undefined; }'.
src/client/world/components/renderingWorldPlazaRoomStatusHudFriendButton.tsx(46,5): error TS2339: Property 'hasPendingOutgoingRequest' does not exist on type '{ friendActionKind: "none"; isLoading: boolean; performingFriendAction: () => undefined; }'.
src/client/world/components/renderingWorldPlazaRoomStatusHudFriendButton.tsx(47,5): error TS2339: Property 'hasPendingIncomingRequest' does not exist on type '{ friendActionKind: "none"; isLoading: boolean; performingFriendAction: () => undefined; }'.
src/client/world/components/renderingWorldPlazaRoomStatusHudFriendButton.tsx(48,5): error TS2339: Property 'isRelationshipActive' does not exist on type '{ friendActionKind: "none"; isLoading: boolean; performingFriendAction: () => undefined; }'.
src/client/world/components/renderingWorldPlazaRoomStatusHudFriendButton.tsx(49,5): error TS2339: Property 'resolvedTooltip' does not exist on type '{ friendActionKind: "none"; isLoading: boolean; performingFriendAction: () => undefined; }'.
src/client/world/components/renderingWorldPlazaRoomStatusHudFriendButton.tsx(50,5): error TS2339: Property 'isInteractive' does not exist on type '{ friendActionKind: "none"; isLoading: boolean; performingFriendAction: () => undefined; }'.
src/client/world/components/renderingWorldPlazaRoomStatusHudFriendButton.tsx(51,5): error TS2339: Property 'isDeclineCooldownActive' does not exist on type '{ friendActionKind: "none"; isLoading: boolean; performingFriendAction: () => undefined; }'.
src/client/world/components/renderingWorldPlazaRoomStatusHudFriendButton.tsx(52,5): error TS2339: Property 'isPending' does not exist on type '{ friendActionKind: "none"; isLoading: boolean; performingFriendAction: () => undefined; }'.
src/client/world/components/renderingWorldPlazaRoomStatusHudFriendButton.tsx(53,5): error TS2339: Property 'act' does not exist on type '{ friendActionKind: "none"; isLoading: boolean; performingFriendAction: () => undefined; }'.
src/client/world/components/renderingWorldPlazaRoomStatusHudFriendButton.tsx(55,5): error TS2353: Object literal may only specify known properties, and 'profileUserId' does not exist in type '{ targetUserId?: string | null | undefined; enabled?: boolean | undefined; }'.
src/client/world/components/renderingWorldPlazaSidebarPanelHeader.tsx(59,9): error TS2322: Type '{ children: string; type: "button"; variant: string; "aria-label": string; onClick: () => void; className: "inline-flex h-5 min-w-5 shrink-0 items-center justify-center !rounded-sm border-white/25 bg-white/5 px-1 py-0 text-[8px] font-semibold uppercase leading-none text-white/80 hover:bg-white/10 hover:text-white"; }' is not assignable to type 'IntrinsicAttributes & ButtonHTMLAttributes<HTMLButtonElement> & { children?: ReactNode; }'.
  Property 'variant' does not exist on type 'IntrinsicAttributes & ButtonHTMLAttributes<HTMLButtonElement> & { children?: ReactNode; }'.
src/client/world/domains/fetchingWorldPlazaGiphySearchResults.ts(100,5): error TS2769: No overload matches this call.
  Overload 1 of 2, '(input: string | URL | Request, init?: RequestInit | undefined): Promise<Response>', gave the following error.
    Object literal may only specify known properties, and 'next' does not exist in type 'RequestInit'.
  Overload 2 of 2, '(input: URL | RequestInfo, init?: RequestInit | undefined): Promise<Response>', gave the following error.
    Object literal may only specify known properties, and 'next' does not exist in type 'RequestInit'.
src/client/world/domains/fetchingWorldPlazaUserProfileAvatarUrl.ts(23,14): error TS2339: Property 'id' does not exist on type 'never'.
src/client/world/domains/fetchingWorldPlazaUserProfileAvatarUrl.ts(31,27): error TS2339: Property 'id' does not exist on type 'never'.
src/client/world/domains/fetchingWorldPlazaUserProfileAvatarUrl.ts(36,27): error TS2339: Property 'id' does not exist on type 'never'.
src/client/world/domains/fetchingWorldPlazaUserProfileAvatarUrl.ts(40,25): error TS2339: Property 'user_metadata' does not exist on type 'never'.
src/client/world/domains/fetchingWorldPlazaUserProfileAvatarUrl.ts(48,7): error TS2353: Object literal may only specify known properties, and 'avatar_img' does not exist in type '{ avatarUrl?: string | null | undefined; }'.
src/client/world/domains/fetchingWorldPlazaUserProfileAvatarUrl.ts(48,31): error TS2339: Property 'avatar_img' does not exist on type '{}'.
src/client/world/domains/fetchingWorldPlazaUserProfileAvatarUrl.ts(51,18): error TS2339: Property 'avatar_img' does not exist on type '{}'.
src/client/world/domains/fetchingWorldPlazaUserProfileAvatarUrl.ts(54,28): error TS18047: 'avatarUrl' is possibly 'null'.
src/client/world/domains/fetchingWorldPlazaUserProfileStatusKind.ts(23,14): error TS2339: Property 'id' does not exist on type 'never'.
src/client/world/domains/fetchingWorldPlazaUserProfileStatusKind.ts(33,29): error TS2339: Property 'id' does not exist on type 'never'.
src/client/world/domains/fetchingWorldPlazaUserProfileStatusKind.ts(38,29): error TS2339: Property 'id' does not exist on type 'never'.
src/client/world/domains/fetchingWorldPlazaUserProfileStatusKind.ts(43,18): error TS2339: Property 'id' does not exist on type 'never'.
src/client/world/domains/fetchingWorldPlazaUserProfileStatusKind.ts(44,37): error TS2339: Property 'is_founder' does not exist on type '{}'.
src/client/world/domains/fetchingWorldPlazaUserProfileStatusKind.ts(45,42): error TS2339: Property 'is_active' does not exist on type '{}'.
src/client/world/domains/fetchingWorldPlazaUserProfileStatusKind.ts(46,37): error TS2339: Property 'is_prime' does not exist on type '{}'.
src/client/world/domains/seedingWorldPlazaRemotePlayersFromPresenceChannel.ts(6,38): error TS2307: Cannot find module '@supabase/supabase-js' or its corresponding type declarations.
src/client/world/domains/syncingWorldPlazaOnlineRoomPresenceSnapshot.ts(6,38): error TS2307: Cannot find module '@supabase/supabase-js' or its corresponding type declarations.
src/client/world/hooks/usingWorldPlazaOnlineRoom.ts(45,38): error TS2307: Cannot find module '@supabase/supabase-js' or its corresponding type declarations.
src/client/world/hooks/usingWorldPlazaOnlineRoom.ts(553,46): error TS2339: Property 'getChannels' does not exist on type '{ from: (_table: string) => SupabaseQueryBuilder; rpc: (..._args: unknown[]) => Promise<{ data: null; error: null; }>; channel: (..._args: unknown[]) => { on: (..._args: unknown[]) => { subscribe: (..._args: unknown[]) => { ...; }; }; }; removeChannel: (..._args: unknown[]) => undefined; auth: { ...; }; }'.
src/client/world/hooks/usingWorldPlazaOnlineRoom.ts(605,10): error TS2339: Property 'on' does not exist on type '{ subscribe: (..._args: unknown[]) => { unsubscribe: () => undefined; }; }'.
src/client/world/hooks/usingWorldPlazaOnlineRoom.ts(661,41): error TS2339: Property 'presenceState' does not exist on type '{ on: (..._args: unknown[]) => { subscribe: (..._args: unknown[]) => { unsubscribe: () => undefined; }; }; }'.
src/client/world/hooks/usingWorldPlazaOnlineRoom.ts(690,27): error TS2339: Property 'track' does not exist on type '{ on: (..._args: unknown[]) => { subscribe: (..._args: unknown[]) => { unsubscribe: () => undefined; }; }; }'.
src/client/world/hooks/usingWorldPlazaOnlineRoom.ts(700,29): error TS2339: Property 'untrack' does not exist on type '{ on: (..._args: unknown[]) => { subscribe: (..._args: unknown[]) => { unsubscribe: () => undefined; }; }; }'.
src/client/world/hooks/usingWorldPlazaOnlineRoom.ts(733,19): error TS2345: Argument of type '{ on: (..._args: unknown[]) => { subscribe: (..._args: unknown[]) => { unsubscribe: () => undefined; }; }; }' is not assignable to parameter of type '{ presenceState: () => Record<string, unknown[]>; }'.
  Property 'presenceState' is missing in type '{ on: (..._args: unknown[]) => { subscribe: (..._args: unknown[]) => { unsubscribe: () => undefined; }; }; }' but required in type '{ presenceState: () => Record<string, unknown[]>; }'.
src/client/world/hooks/usingWorldPlazaOnlineRoomChat.ts(12,38): error TS2307: Cannot find module '@supabase/supabase-js' or its corresponding type declarations.
src/client/world/hooks/usingWorldPlazaPlayerProfileByUserId.ts(25,14): error TS2774: This condition will always return true since this function is always defined. Did you mean to call it instead?
src/client/world/inventory/components/renderingWorldPlazaInventoryHotbar.tsx(122,11): error TS2322: Type '{ children: Element; fillStyle: RoughSketchFillStyle; fillOpacity: number; sketchColors: RoughButtonSketchColors; className: string; ... 7 more ...; "data-plaza-ui": string; }' is not assignable to type 'IntrinsicAttributes & HTMLAttributes<HTMLDivElement> & { children?: ReactNode; }'.
  Property 'fillStyle' does not exist on type 'IntrinsicAttributes & HTMLAttributes<HTMLDivElement> & { children?: ReactNode; }'.
src/client/world/inventory/components/renderingWorldPlazaInventoryRoughSlotCell.tsx(116,9): error TS2322: Type '{ fillStyle: RoughSketchFillStyle; fillOpacity: number; sketchColors: RoughButtonSketchColors; className: string; style: CSSProperties; ... 7 more ...; variant: string; }' is not assignable to type 'IntrinsicAttributes & HTMLAttributes<HTMLDivElement> & { children?: ReactNode; }'.
  Property 'fillStyle' does not exist on type 'IntrinsicAttributes & HTMLAttributes<HTMLDivElement> & { children?: ReactNode; }'.
src/client/world/inventory/components/renderingWorldPlazaInventoryRoughSlotCell.tsx(197,7): error TS2322: Type '{ children: Element; fillStyle: RoughSketchFillStyle; fillOpacity: number; sketchColors: RoughButtonSketchColors; className: string; ... 7 more ...; variant: string; }' is not assignable to type 'IntrinsicAttributes & HTMLAttributes<HTMLDivElement> & { children?: ReactNode; }'.
  Property 'fillStyle' does not exist on type 'IntrinsicAttributes & HTMLAttributes<HTMLDivElement> & { children?: ReactNode; }'.
src/client/world/inventory/components/renderingWorldPlazaInventoryRoughSlotCell.tsx(302,7): error TS2322: Type '{ children: Element; fillStyle: RoughSketchFillStyle; fillOpacity: number; sketchColors: RoughButtonSketchColors; className: string; ... 6 more ...; variant: string; }' is not assignable to type 'IntrinsicAttributes & HTMLAttributes<HTMLDivElement> & { children?: ReactNode; }'.
  Property 'fillStyle' does not exist on type 'IntrinsicAttributes & HTMLAttributes<HTMLDivElement> & { children?: ReactNode; }'.
src/client/world/inventory/domains/creatingWorldPlazaInventoryFixedLightSketchColors.ts(9,19): error TS7053: Element implicitly has an 'any' type because expression of type '"wood-brown-light"' can't be used to index type '{ readonly light: { readonly fill: "#f5f5f5"; readonly stroke: "#333333"; }; }'.
  Property 'wood-brown-light' does not exist on type '{ readonly light: { readonly fill: "#f5f5f5"; readonly stroke: "#333333"; }; }'.
src/client/world/inventory/domains/creatingWorldPlazaInventoryFixedLightSketchColors.ts(10,14): error TS7053: Element implicitly has an 'any' type because expression of type '"wood-brown"' can't be used to index type '{ readonly light: { readonly fill: "#f5f5f5"; readonly stroke: "#333333"; }; }'.
  Property 'wood-brown' does not exist on type '{ readonly light: { readonly fill: "#f5f5f5"; readonly stroke: "#333333"; }; }'.
src/client/world/inventory/domains/creatingWorldPlazaInventoryFixedLightSketchColors.ts(11,18): error TS7053: Element implicitly has an 'any' type because expression of type '"wood-brown-dark"' can't be used to index type '{ readonly light: { readonly fill: "#f5f5f5"; readonly stroke: "#333333"; }; }'.
  Property 'wood-brown-dark' does not exist on type '{ readonly light: { readonly fill: "#f5f5f5"; readonly stroke: "#333333"; }; }'.
src/client/world/inventory/domains/creatingWorldPlazaInventoryFixedLightSketchColors.ts(12,19): error TS7053: Element implicitly has an 'any' type because expression of type '"clay-brown-light"' can't be used to index type '{ readonly light: { readonly fill: "#f5f5f5"; readonly stroke: "#333333"; }; }'.
  Property 'clay-brown-light' does not exist on type '{ readonly light: { readonly fill: "#f5f5f5"; readonly stroke: "#333333"; }; }'.
src/client/world/inventory/domains/creatingWorldPlazaInventoryFixedLightSketchColors.ts(13,18): error TS7053: Element implicitly has an 'any' type because expression of type '"clay-brown-dark"' can't be used to index type '{ readonly light: { readonly fill: "#f5f5f5"; readonly stroke: "#333333"; }; }'.
  Property 'clay-brown-dark' does not exist on type '{ readonly light: { readonly fill: "#f5f5f5"; readonly stroke: "#333333"; }; }'.
src/client/world/inventory/domains/creatingWorldPlazaInventoryFixedLightSketchColors.ts(14,20): error TS7053: Element implicitly has an 'any' type because expression of type '"cloud-cream-light"' can't be used to index type '{ readonly light: { readonly fill: "#f5f5f5"; readonly stroke: "#333333"; }; }'.
  Property 'cloud-cream-light' does not exist on type '{ readonly light: { readonly fill: "#f5f5f5"; readonly stroke: "#333333"; }; }'.
src/client/world/inventory/domains/creatingWorldPlazaInventoryFixedLightSketchColors.ts(15,15): error TS7053: Element implicitly has an 'any' type because expression of type '"cloud-cream"' can't be used to index type '{ readonly light: { readonly fill: "#f5f5f5"; readonly stroke: "#333333"; }; }'.
  Property 'cloud-cream' does not exist on type '{ readonly light: { readonly fill: "#f5f5f5"; readonly stroke: "#333333"; }; }'.
src/client/world/inventory/domains/creatingWorldPlazaInventoryFixedLightSketchColors.ts(16,14): error TS7053: Element implicitly has an 'any' type because expression of type '"moss-green"' can't be used to index type '{ readonly light: { readonly fill: "#f5f5f5"; readonly stroke: "#333333"; }; }'.
  Property 'moss-green' does not exist on type '{ readonly light: { readonly fill: "#f5f5f5"; readonly stroke: "#333333"; }; }'.
src/client/world/inventory/domains/creatingWorldPlazaInventoryFixedLightSketchColors.ts(17,19): error TS7053: Element implicitly has an 'any' type because expression of type '"moss-green-light"' can't be used to index type '{ readonly light: { readonly fill: "#f5f5f5"; readonly stroke: "#333333"; }; }'.
  Property 'moss-green-light' does not exist on type '{ readonly light: { readonly fill: "#f5f5f5"; readonly stroke: "#333333"; }; }'.
src/client/world/inventory/domains/creatingWorldPlazaInventoryFixedLightSketchColors.ts(18,20): error TS7053: Element implicitly has an 'any' type because expression of type '"forest-green-dark"' can't be used to index type '{ readonly light: { readonly fill: "#f5f5f5"; readonly stroke: "#333333"; }; }'.
  Property 'forest-green-dark' does not exist on type '{ readonly light: { readonly fill: "#f5f5f5"; readonly stroke: "#333333"; }; }'.
src/client/world/inventory/domains/creatingWorldPlazaInventoryFixedLightSketchColors.ts(24,5): error TS2353: Object literal may only specify known properties, and 'background' does not exist in type 'RoughButtonSketchColors'.
src/client/world/inventory/domains/creatingWorldPlazaInventoryFixedLightSketchColors.ts(33,5): error TS2353: Object literal may only specify known properties, and 'background' does not exist in type 'RoughButtonSketchColors'.
src/client/world/inventory/domains/creatingWorldPlazaInventoryFixedLightSketchColors.ts(42,5): error TS2353: Object literal may only specify known properties, and 'background' does not exist in type 'RoughButtonSketchColors'.
src/client/world/inventory/domains/creatingWorldPlazaInventoryFixedLightSketchColors.ts(51,5): error TS2353: Object literal may only specify known properties, and 'background' does not exist in type 'RoughButtonSketchColors'.
src/client/world/plotVisit/components/renderingWorldPlotVisitApprovedPlazaModal.tsx(120,7): error TS2353: Object literal may only specify known properties, and 'avatar_img' does not exist in type '{ avatarUrl?: string | null | undefined; }'.
src/client/world/plotVisit/components/renderingWorldPlotVisitRequestPlazaModal.tsx(127,7): error TS2353: Object literal may only specify known properties, and 'avatar_img' does not exist in type '{ avatarUrl?: string | null | undefined; }'.
src/client/world/plotVisit/hooks/usingWorldPlotVisitRequestApprovedPlazaDialogs.ts(58,5): error TS2322: Type 'false | (() => boolean)' is not assignable to type 'boolean | undefined'.
  Type '() => boolean' is not assignable to type 'boolean | undefined'.
src/client/world/plotVisit/hooks/usingWorldPlotVisitRequestApprovedPlazaDialogs.ts(59,5): error TS2322: Type 'false | (() => boolean)' is not assignable to type 'boolean | undefined'.
  Type '() => boolean' is not assignable to type 'boolean | undefined'.
src/client/world/plotVisit/utils/creatingWorldPlotVisitRequest.ts(78,27): error TS2339: Property 'message' does not exist on type 'never'.
src/client/world/plotVisit/utils/mappingWorldPlotVisitRequestsRpcPayload.ts(116,61): error TS2345: Argument of type '{ username: string; alias: string | null; useAliasForCard: boolean; }' is not assignable to parameter of type 'CommunityMemberProfile'.
  Property 'userId' is missing in type '{ username: string; alias: string | null; useAliasForCard: boolean; }' but required in type 'CommunityMemberProfile'.
src/client/world/plotVisit/utils/mappingWorldPlotVisitRequestsRpcPayload.ts(187,61): error TS2345: Argument of type '{ username: string; alias: string | null; useAliasForCard: boolean; }' is not assignable to parameter of type 'CommunityMemberProfile'.
  Property 'userId' is missing in type '{ username: string; alias: string | null; useAliasForCard: boolean; }' but required in type 'CommunityMemberProfile'.
